+ set -euo pipefail
+ RED='\033[0;31m'
+ GREEN='\033[0;32m'
+ YELLOW='\033[1;33m'
+ BLUE='\033[0;34m'
+ CYAN='\033[0;36m'
+ BOLD='\033[1m'
+ NC='\033[0m'
+ main
+ check_root
+ [[ 0 -ne 0 ]]
+ load_config
+ [[ ! -f /etc/nextcloud-onlyoffice/params.yaml ]]
++ grep base_domain: /etc/nextcloud-onlyoffice/params.yaml
++ cut '-d"' -f2
+ BASE_DOMAIN=test-collab-site.com
++ grep nextcloud_domain: /etc/nextcloud-onlyoffice/params.yaml
++ cut '-d"' -f2
+ NEXTCLOUD_DOMAIN=docs.test-collab-site.com
++ grep onlyoffice_domain: /etc/nextcloud-onlyoffice/params.yaml
++ cut '-d"' -f2
+ ONLYOFFICE_DOMAIN=onlyoffice.test-collab-site.com
++ grep admin_email: /etc/nextcloud-onlyoffice/params.yaml
++ cut '-d"' -f2
+ ADMIN_EMAIL=lewis@neilson-levin.org
+ success 'Configuration loaded'
+ echo -e '\033[0;32m[SUCCESS]\033[0m Configuration loaded'
[0;32m[SUCCESS][0m Configuration loaded
+ show_banner
+ clear
